// Jest Snapshot v1, https://goo.gl/fbAQLP

exports[`PhoneNumbers-component tests expect to render correctly 1`] = `
<PhoneNumbers
  addFunction={[MockFunction]}
/>
`;
